Harness status: OK

Found 1 tests

1 Fail
Fail	XML: Comment in doctype internal subset